// Jest Snapshot v1, https://goo.gl/fbAQLP

exports[`AddHome should match snapshot 1`] = `
<section
  id="add_home"
>
  <form
    className="form_container"
    onSubmit={[Function]}
  >
    <input
      minLength={3}
      name="name"
      onChange={[Function]}
      placeholder="Name of the property"
      required={true}
      type="text"
      value=""
    />
    <input
      minLength={3}
      name="location"
      onChange={[Function]}
      placeholder="Location of the property"
      required={true}
      type="text"
      value=""
    />
    <textarea
      cols="60"
      maxLength={1000}
      minLength={3}
      name="description"
      onChange={[Function]}
      placeholder="Description of the property"
      required={true}
      rows="7"
      type="textarea"
      value=""
    />
    <input
      min={1}
      name="price"
      onChange={[Function]}
      placeholder="Price per day"
      required={true}
      type="number"
      value=""
    />
    <input
      min={1}
      name="no_of_rooms"
      onChange={[Function]}
      placeholder="Number of rooms"
      required={true}
      type="number"
      value=""
    />
    <select
      name="rating"
      onChange={[Function]}
      required={true}
      value="1"
    >
      <option
        value="1"
      >
        1 star
      </option>
      <option
        value="2"
      >
        2 stars
      </option>
      <option
        value="3"
      >
        3 stars
      </option>
      <option
        value="4"
      >
        4 stars
      </option>
      <option
        value="5"
      >
        5 stars
      </option>
    </select>
    <div
      className="imageContainer"
    >
      <div
        className="imageHeading"
      >
        <h5>
          Add images of the property
          <button
            className="imageButton"
            onClick={[Function]}
            type="button"
          >
             
            <svg
              fill="currentColor"
              height="1em"
              stroke="currentColor"
              strokeWidth="0"
              style={
                Object {
                  "color": undefined,
                }
              }
              viewBox="0 0 16 16"
              width="1em"
              xmlns="http://www.w3.org/2000/svg"
            >
              <path
                d="M16 8A8 8 0 1 1 0 8a8 8 0 0 1 16 0zM8.5 4.5a.5.5 0 0 0-1 0v3h-3a.5.5 0 0 0 0 1h3v3a.5.5 0 0 0 1 0v-3h3a.5.5 0 0 0 0-1h-3v-3z"
              />
            </svg>
          </button>
        </h5>
      </div>
      <div
        className="image_container"
      >
        <input
          name="image"
          onChange={[Function]}
          placeholder="Image URL"
          required={true}
          type="text"
          value=""
        />
        <button
          onClick={[Function]}
          type="button"
        >
           
          <svg
            fill="currentColor"
            height="1em"
            stroke="currentColor"
            strokeWidth="0"
            style={
              Object {
                "color": undefined,
              }
            }
            viewBox="0 0 1024 1024"
            width="1em"
            xmlns="http://www.w3.org/2000/svg"
          >
            <path
              d="M864 256H736v-80c0-35.3-28.7-64-64-64H352c-35.3 0-64 28.7-64 64v80H160c-17.7 0-32 14.3-32 32v32c0 4.4 3.6 8 8 8h60.4l24.7 523c1.6 34.1 29.8 61 63.9 61h454c34.2 0 62.3-26.8 63.9-61l24.7-523H888c4.4 0 8-3.6 8-8v-32c0-17.7-14.3-32-32-32zm-200 0H360v-72h304v72z"
            />
          </svg>
        </button>
      </div>
    </div>
    <input
      className="submission"
      type="submit"
      value="Submit"
    />
  </form>
</section>
`;
