// Jest Snapshot v1, https://goo.gl/fbAQLP

exports[`Home Show match snapshot 1`] = `
<DocumentFragment>
  <div
    class="container"
  >
    <div
      class="cardContainer"
    >
      <div
        class="card"
        role="button"
        tabindex="1"
      >
        <div
          class="card h-100"
        >
          <div
            class="card-body"
          >
            <img
              alt="Cottage by Maxwell"
              class="image"
              src="https://images.pexels.com/photos/2102587/pexels-photo-2102587.jpeg?auto=compress&cs=tinysrgb&w=600"
            />
            <div
              class="d-flex justify-content-between mt-3"
            >
              <h4
                class="f_size"
              >
                Sao Paulo, Brazil
              </h4>
              <h6
                class=""
              >
                <svg
                  fill="currentColor"
                  height="1em"
                  stroke="currentColor"
                  stroke-width="0"
                  viewBox="0 0 16 16"
                  width="1em"
                  xmlns="http://www.w3.org/2000/svg"
                >
                  <path
                    d="M3.612 15.443c-.386.198-.824-.149-.746-.592l.83-4.73L.173 6.765c-.329-.314-.158-.888.283-.95l4.898-.696L7.538.792c.197-.39.73-.39.927 0l2.184 4.327 4.898.696c.441.062.612.636.282.95l-3.522 3.356.83 4.73c.078.443-.36.79-.746.592L8 13.187l-4.389 2.256z"
                  />
                </svg>
                3
              </h6>
            </div>
            <h5
              class="hse_name"
            >
              Cottage by Maxwell
            </h5>
          </div>
        </div>
      </div>
    </div>
    <ul
      aria-label="Pagination"
      class="pagination justify-content-center"
      role="navigation"
    >
      <li
        class="pageitem disabled"
      >
        <a
          aria-disabled="true"
          aria-label="Previous page"
          class="pagelink "
          rel="prev"
          role="button"
          tabindex="-1"
        >
          Prev
        </a>
      </li>
      <li
        class="pageitem active"
      >
        <a
          aria-current="page"
          aria-label="Page 1 is your current page"
          class="pagelink"
          rel="canonical"
          role="button"
          tabindex="-1"
        >
          1
        </a>
      </li>
      <li
        class="pageitem disabled"
      >
        <a
          aria-disabled="true"
          aria-label="Next page"
          class="pagelink "
          rel="next"
          role="button"
          tabindex="-1"
        >
          Next
        </a>
      </li>
    </ul>
  </div>
</DocumentFragment>
`;

exports[`Home should match snapshot 1`] = `
<DocumentFragment>
  <div
    class="container"
  >
    <div
      class="cardContainer"
    >
      <div
        class="card"
        role="button"
        tabindex="1"
      >
        <div
          class="card h-100"
        >
          <div
            class="card-body"
          >
            <img
              alt="Cottage by Maxwell"
              class="image"
              src="https://images.pexels.com/photos/2102587/pexels-photo-2102587.jpeg?auto=compress&cs=tinysrgb&w=600"
            />
            <div
              class="d-flex justify-content-between mt-3"
            >
              <h4
                class="f_size"
              >
                Sao Paulo, Brazil
              </h4>
              <h6
                class=""
              >
                <svg
                  fill="currentColor"
                  height="1em"
                  stroke="currentColor"
                  stroke-width="0"
                  viewBox="0 0 16 16"
                  width="1em"
                  xmlns="http://www.w3.org/2000/svg"
                >
                  <path
                    d="M3.612 15.443c-.386.198-.824-.149-.746-.592l.83-4.73L.173 6.765c-.329-.314-.158-.888.283-.95l4.898-.696L7.538.792c.197-.39.73-.39.927 0l2.184 4.327 4.898.696c.441.062.612.636.282.95l-3.522 3.356.83 4.73c.078.443-.36.79-.746.592L8 13.187l-4.389 2.256z"
                  />
                </svg>
                3
              </h6>
            </div>
            <h5
              class="hse_name"
            >
              Cottage by Maxwell
            </h5>
          </div>
        </div>
      </div>
    </div>
    <ul
      aria-label="Pagination"
      class="pagination justify-content-center"
      role="navigation"
    >
      <li
        class="pageitem disabled"
      >
        <a
          aria-disabled="true"
          aria-label="Previous page"
          class="pagelink "
          rel="prev"
          role="button"
          tabindex="-1"
        >
          Prev
        </a>
      </li>
      <li
        class="pageitem active"
      >
        <a
          aria-current="page"
          aria-label="Page 1 is your current page"
          class="pagelink"
          rel="canonical"
          role="button"
          tabindex="-1"
        >
          1
        </a>
      </li>
      <li
        class="pageitem disabled"
      >
        <a
          aria-disabled="true"
          aria-label="Next page"
          class="pagelink "
          rel="next"
          role="button"
          tabindex="-1"
        >
          Next
        </a>
      </li>
    </ul>
  </div>
</DocumentFragment>
`;
